I'm sorry, but errors were detected in your script. Please correct the
errors listed below, and try again.


File "game/script.rpy", line 19: expected an indented block
        if spoons <= -5:

Ren'Py Version: Ren'Py 8.1.3.23091805
Wed Nov 15 15:36:50 2023
